To honour the JVM settings for this build a single-use Daemon process will be forked. For more on this, please refer to https://docs.gradle.org/9.2.1/userguide/gradle_daemon.html#sec:disabling_the_daemon in the Gradle documentation.
Daemon will be stopped at the end of the build 
> Task :createMinecraftArtifacts UP-TO-DATE
> Task :extractCreateCompileJars UP-TO-DATE
> Task :extractSableCompileJars UP-TO-DATE
> Task :extractSodiumCompileJar UP-TO-DATE
> Task :validateMixinConfig SKIPPED
> Task :validateMixinSignatures SKIPPED

> Task :compileJava
D:\MCMod\neo-voxy\src\main\java\me\cortex\voxy\client\compat\create\DistantShaders.java:212: 警告: [deprecation] TextureAtlas中的LOCATION_BLOCKS已过时
        int atlas = Minecraft.getInstance().getTextureManager().getTexture(TextureAtlas.LOCATION_BLOCKS).getId();
                                                                                       ^
注: 某些输入文件使用了未经检查或不安全的操作。
注: 有关详细信息, 请使用 -Xlint:unchecked 重新编译。
1 个警告

> Task :processResources
> Task :classes
> Task :extractLwjglNatives UP-TO-DATE
> Task :jarJar UP-TO-DATE
> Task :jar
> Task :assemble

> Task :checkLangKeys
Language files agree: 120 requested keys across 2 files

> Task :compileTestJava NO-SOURCE
> Task :processTestResources NO-SOURCE
> Task :testClasses UP-TO-DATE
> Task :test NO-SOURCE
> Task :compileVerificationJava
> Task :processVerificationResources NO-SOURCE
> Task :verificationClasses
> Task :verifyWorldSectionPositions
> Task :check
> Task :liteShaderPackOverlay

> Task :slimJar
  lwjgl-lmdb-3.3.3.jar: removed 1 unused entries
  lwjgl-zstd-3.3.3.jar: removed 1 unused entries
  rocksdbjni: removed 12 unused entries
  sqlite-jdbc: removed 22 unused entries
Slim JAR: 85.8 MB -> 13.5 MB

> Task :validateMixins SKIPPED
> Task :build

[Incubating] Problems report is available at: file:///D:/MCMod/neo-voxy/build/reports/problems/problems-report.html

Deprecated Gradle features were used in this build, making it incompatible with Gradle 10.

You can use '--warning-mode all' to show the individual deprecation warnings and determine if they come from your own scripts or plugins.

For more on this, please refer to https://docs.gradle.org/9.2.1/userguide/command_line_interface.html#sec:command_line_warnings in the Gradle documentation.

BUILD SUCCESSFUL in 36s
14 actionable tasks: 8 executed, 6 up-to-date
Consider enabling configuration cache to speed up this build: https://docs.gradle.org/9.2.1/userguide/configuration_cache_enabling.html
